// Placeholder for Particle visual test snapshots
// This file will be replaced by actual snapshots when tests are run
